// Jest Snapshot v1, https://goo.gl/fbAQLP

exports[`Consonant/FilterPanelLeft Check snapshots should renders correctly with bookmarks 1`] = `
<div
  className="consonant-left-filters"
  data-testid="consonant-filters__left"
>
  <div
    className="consonant-left-filters--header"
  >
    <h3
      className="consonant-left-filters--desk-title"
    >
      Refine the results
    </h3>
    <button
      className="consonant-left-filters--clear-link"
      onClick={[MockFunction]}
      type="button"
    >
      Clear
    </button>
  </div>
  <div
    className="consonant-left-filters--list"
  >
    <div
      className="consonant-left-filter"
    >
      <div
        className="consonant-left-filter--inner"
      >
        <h3
          className="consonant-left-filter--name"
        >
          <img
            alt=""
            loading="lazy"
            src="https://upload.wikimedia.org/wikipedia/commons/e/e0/Check_green_icon.svg"
            width="16"
          />
          <a
            className="consonant-left-filter--link"
            data-testid="filter-item__item-link"
            href={true}
            onClick={[Function]}
          >
            Topic
            <div
              className="consonant-left-filter--selected-items-qty"
              data-qty=""
            >
              
              
              
              
              
              
              
              
              
              
            </div>
          </a>
        </h3>
        <ul
          className="consonant-left-filter--items"
          data-testid="filter-group"
        >
          <li
            className="consonant-left-filter--items-item"
            data-testid="filter-item"
          >
            <label
              className="consonant-left-filter--items-item-label"
              htmlFor="we-retail:activity/hiking"
            >
              <input
                checked={undefined}
                data-testid="list-item-checkbox"
                id="we-retail:activity/hiking"
                onChange={[Function]}
                type="checkbox"
                value="we-retail:activity/hiking"
              />
              <span
                className="consonant-left-filter--items-item-checkmark"
              />
              <span
                className="consonant-left-filter--items-item-name"
              >
                Business Continuity
              </span>
            </label>
          </li>
          <li
            className="consonant-left-filter--items-item"
            data-testid="filter-item"
          >
            <label
              className="consonant-left-filter--items-item-label"
              htmlFor="we-retail:activity/biking"
            >
              <input
                checked={undefined}
                data-testid="list-item-checkbox"
                id="we-retail:activity/biking"
                onChange={[Function]}
                type="checkbox"
                value="we-retail:activity/biking"
              />
              <span
                className="consonant-left-filter--items-item-checkmark"
              />
              <span
                className="consonant-left-filter--items-item-name"
              >
                Creativity and Design
              </span>
            </label>
          </li>
          <li
            className="consonant-left-filter--items-item"
            data-testid="filter-item"
          >
            <label
              className="consonant-left-filter--items-item-label"
              htmlFor="adobe-com-enterprise:topic/customer-intelligence"
            >
              <input
                checked={undefined}
                data-testid="list-item-checkbox"
                id="adobe-com-enterprise:topic/customer-intelligence"
                onChange={[Function]}
                type="checkbox"
                value="adobe-com-enterprise:topic/customer-intelligence"
              />
              <span
                className="consonant-left-filter--items-item-checkmark"
              />
              <span
                className="consonant-left-filter--items-item-name"
              >
                Customer Intelligence
              </span>
            </label>
          </li>
          <li
            className="consonant-left-filter--items-item"
            data-testid="filter-item"
          >
            <label
              className="consonant-left-filter--items-item-label"
              htmlFor="adobe-com-enterprise:topic/data-management-platform"
            >
              <input
                checked={undefined}
                data-testid="list-item-checkbox"
                id="adobe-com-enterprise:topic/data-management-platform"
                onChange={[Function]}
                type="checkbox"
                value="adobe-com-enterprise:topic/data-management-platform"
              />
              <span
                className="consonant-left-filter--items-item-checkmark"
              />
              <span
                className="consonant-left-filter--items-item-name"
              >
                Data Management Platform
              </span>
            </label>
          </li>
          <li
            className="consonant-left-filter--items-item"
            data-testid="filter-item"
          >
            <label
              className="consonant-left-filter--items-item-label"
              htmlFor="adobe-com-enterprise:topic/digital-foundation"
            >
              <input
                checked={undefined}
                data-testid="list-item-checkbox"
                id="adobe-com-enterprise:topic/digital-foundation"
                onChange={[Function]}
                type="checkbox"
                value="adobe-com-enterprise:topic/digital-foundation"
              />
              <span
                className="consonant-left-filter--items-item-checkmark"
              />
              <span
                className="consonant-left-filter--items-item-name"
              >
                Digital Foundation
              </span>
            </label>
          </li>
          <li
            className="consonant-left-filter--items-item"
            data-testid="filter-item"
          >
            <label
              className="consonant-left-filter--items-item-label"
              htmlFor="adobe-com-enterprise:topic/digital-trends"
            >
              <input
                checked={undefined}
                data-testid="list-item-checkbox"
                id="adobe-com-enterprise:topic/digital-trends"
                onChange={[Function]}
                type="checkbox"
                value="adobe-com-enterprise:topic/digital-trends"
              />
              <span
                className="consonant-left-filter--items-item-checkmark"
              />
              <span
                className="consonant-left-filter--items-item-name"
              >
                Digital Trends
              </span>
            </label>
          </li>
          <li
            className="consonant-left-filter--items-item"
            data-testid="filter-item"
          >
            <label
              className="consonant-left-filter--items-item-label"
              htmlFor="adobe-com-enterprise:topic/document-management"
            >
              <input
                checked={undefined}
                data-testid="list-item-checkbox"
                id="adobe-com-enterprise:topic/document-management"
                onChange={[Function]}
                type="checkbox"
                value="adobe-com-enterprise:topic/document-management"
              />
              <span
                className="consonant-left-filter--items-item-checkmark"
              />
              <span
                className="consonant-left-filter--items-item-name"
              >
                Document Management
              </span>
            </label>
          </li>
          <li
            className="consonant-left-filter--items-item"
            data-testid="filter-item"
          >
            <label
              className="consonant-left-filter--items-item-label"
              htmlFor="adobe-com-enterprise:topic/marketing-automation"
            >
              <input
                checked={undefined}
                data-testid="list-item-checkbox"
                id="adobe-com-enterprise:topic/marketing-automation"
                onChange={[Function]}
                type="checkbox"
                value="adobe-com-enterprise:topic/marketing-automation"
              />
              <span
                className="consonant-left-filter--items-item-checkmark"
              />
              <span
                className="consonant-left-filter--items-item-name"
              >
                Marketing Automation
              </span>
            </label>
          </li>
          <li
            className="consonant-left-filter--items-item"
            data-testid="filter-item"
          >
            <label
              className="consonant-left-filter--items-item-label"
              htmlFor="adobe-com-enterprise:topic/personalization"
            >
              <input
                checked={undefined}
                data-testid="list-item-checkbox"
                id="adobe-com-enterprise:topic/personalization"
                onChange={[Function]}
                type="checkbox"
                value="adobe-com-enterprise:topic/personalization"
              />
              <span
                className="consonant-left-filter--items-item-checkmark"
              />
              <span
                className="consonant-left-filter--items-item-name"
              >
                Personalization
              </span>
            </label>
          </li>
          <li
            className="consonant-left-filter--items-item"
            data-testid="filter-item"
          >
            <label
              className="consonant-left-filter--items-item-label"
              htmlFor="adobe-com-enterprise:topic/Stock"
            >
              <input
                checked={undefined}
                data-testid="list-item-checkbox"
                id="adobe-com-enterprise:topic/Stock"
                onChange={[Function]}
                type="checkbox"
                value="adobe-com-enterprise:topic/Stock"
              />
              <span
                className="consonant-left-filter--items-item-checkmark"
              />
              <span
                className="consonant-left-filter--items-item-name"
              >
                Stock
              </span>
            </label>
          </li>
        </ul>
        <div
          className="consonant-left-filter--footer"
        >
          <span
            className="consonant-left-filter--footer-res-qty"
          >
            0
             results
          </span>
          <button
            className="consonant-left-filter--footer-btn"
            onClick={[Function]}
            type="button"
          >
            Done
          </button>
        </div>
      </div>
    </div>
    <div
      className="consonant-left-filter"
    >
      <div
        className="consonant-left-filter--inner"
      >
        <h3
          className="consonant-left-filter--name"
        >
          <img
            alt=""
            loading="lazy"
            src="https://upload.wikimedia.org/wikipedia/commons/e/e0/Check_green_icon.svg"
            width="16"
          />
          <a
            className="consonant-left-filter--link"
            data-testid="filter-item__item-link"
            href={true}
            onClick={[Function]}
          >
            Availability
            <div
              className="consonant-left-filter--selected-items-qty"
              data-qty=""
            >
              
              
            </div>
          </a>
        </h3>
        <ul
          className="consonant-left-filter--items"
          data-testid="filter-group"
        >
          <li
            className="consonant-left-filter--items-item"
            data-testid="filter-item"
          >
            <label
              className="consonant-left-filter--items-item-label"
              htmlFor="adobe-com-enterprise:availability/on-demand"
            >
              <input
                checked={undefined}
                data-testid="list-item-checkbox"
                id="adobe-com-enterprise:availability/on-demand"
                onChange={[Function]}
                type="checkbox"
                value="adobe-com-enterprise:availability/on-demand"
              />
              <span
                className="consonant-left-filter--items-item-checkmark"
              />
              <span
                className="consonant-left-filter--items-item-name"
              >
                On-Demand
              </span>
            </label>
          </li>
          <li
            className="consonant-left-filter--items-item"
            data-testid="filter-item"
          >
            <label
              className="consonant-left-filter--items-item-label"
              htmlFor="adobe-com-enterprise:availability/upcoming"
            >
              <input
                checked={undefined}
                data-testid="list-item-checkbox"
                id="adobe-com-enterprise:availability/upcoming"
                onChange={[Function]}
                type="checkbox"
                value="adobe-com-enterprise:availability/upcoming"
              />
              <span
                className="consonant-left-filter--items-item-checkmark"
              />
              <span
                className="consonant-left-filter--items-item-name"
              >
                Upcoming
              </span>
            </label>
          </li>
        </ul>
        <div
          className="consonant-left-filter--footer"
        >
          <span
            className="consonant-left-filter--footer-res-qty"
          >
            0
             results
          </span>
          <button
            className="consonant-left-filter--footer-btn"
            onClick={[Function]}
            type="button"
          >
            Done
          </button>
        </div>
      </div>
    </div>
  </div>
  <button
    className="bookmarks"
    data-testid="bookmarks"
    onClick={[MockFunction]}
    type="button"
  >
    <span
      className="bookmarks--ico-wrapper"
    >
      <span
        className="bookmarks--ico"
        data-testid="bookmarks--ico"
        style={
          Object {
            "backgroundImage": "url(path-to-unselectBookmarksIcon)",
          }
        }
      />
      <span
        className="bookmarks--title"
      >
        My favorites
      </span>
    </span>
    <span
      className="bookmarks--item-badge"
      data-testid="bookmarks--item-badge"
    >
      0
    </span>
  </button>
</div>
`;

exports[`Consonant/FilterPanelLeft Check snapshots should renders correctly with desktop width 1`] = `
<div
  className="consonant-left-filters"
  data-testid="consonant-filters__left"
>
  <div
    className="consonant-left-filters--header"
  >
    <h3
      className="consonant-left-filters--desk-title"
    >
      Refine the results
    </h3>
    <button
      className="consonant-left-filters--clear-link"
      onClick={[MockFunction]}
      type="button"
    >
      Clear
    </button>
  </div>
  <div
    className="consonant-left-filters--list"
  >
    <div
      className="consonant-left-filter"
    >
      <div
        className="consonant-left-filter--inner"
      >
        <h3
          className="consonant-left-filter--name"
        >
          <img
            alt=""
            loading="lazy"
            src="https://upload.wikimedia.org/wikipedia/commons/e/e0/Check_green_icon.svg"
            width="16"
          />
          <a
            className="consonant-left-filter--link"
            data-testid="filter-item__item-link"
            href={true}
            onClick={[Function]}
          >
            Topic
            <div
              className="consonant-left-filter--selected-items-qty"
              data-qty=""
            >
              
              
              
              
              
              
              
              
              
              
            </div>
          </a>
        </h3>
        <ul
          className="consonant-left-filter--items"
          data-testid="filter-group"
        >
          <li
            className="consonant-left-filter--items-item"
            data-testid="filter-item"
          >
            <label
              className="consonant-left-filter--items-item-label"
              htmlFor="we-retail:activity/hiking"
            >
              <input
                checked={undefined}
                data-testid="list-item-checkbox"
                id="we-retail:activity/hiking"
                onChange={[Function]}
                type="checkbox"
                value="we-retail:activity/hiking"
              />
              <span
                className="consonant-left-filter--items-item-checkmark"
              />
              <span
                className="consonant-left-filter--items-item-name"
              >
                Business Continuity
              </span>
            </label>
          </li>
          <li
            className="consonant-left-filter--items-item"
            data-testid="filter-item"
          >
            <label
              className="consonant-left-filter--items-item-label"
              htmlFor="we-retail:activity/biking"
            >
              <input
                checked={undefined}
                data-testid="list-item-checkbox"
                id="we-retail:activity/biking"
                onChange={[Function]}
                type="checkbox"
                value="we-retail:activity/biking"
              />
              <span
                className="consonant-left-filter--items-item-checkmark"
              />
              <span
                className="consonant-left-filter--items-item-name"
              >
                Creativity and Design
              </span>
            </label>
          </li>
          <li
            className="consonant-left-filter--items-item"
            data-testid="filter-item"
          >
            <label
              className="consonant-left-filter--items-item-label"
              htmlFor="adobe-com-enterprise:topic/customer-intelligence"
            >
              <input
                checked={undefined}
                data-testid="list-item-checkbox"
                id="adobe-com-enterprise:topic/customer-intelligence"
                onChange={[Function]}
                type="checkbox"
                value="adobe-com-enterprise:topic/customer-intelligence"
              />
              <span
                className="consonant-left-filter--items-item-checkmark"
              />
              <span
                className="consonant-left-filter--items-item-name"
              >
                Customer Intelligence
              </span>
            </label>
          </li>
          <li
            className="consonant-left-filter--items-item"
            data-testid="filter-item"
          >
            <label
              className="consonant-left-filter--items-item-label"
              htmlFor="adobe-com-enterprise:topic/data-management-platform"
            >
              <input
                checked={undefined}
                data-testid="list-item-checkbox"
                id="adobe-com-enterprise:topic/data-management-platform"
                onChange={[Function]}
                type="checkbox"
                value="adobe-com-enterprise:topic/data-management-platform"
              />
              <span
                className="consonant-left-filter--items-item-checkmark"
              />
              <span
                className="consonant-left-filter--items-item-name"
              >
                Data Management Platform
              </span>
            </label>
          </li>
          <li
            className="consonant-left-filter--items-item"
            data-testid="filter-item"
          >
            <label
              className="consonant-left-filter--items-item-label"
              htmlFor="adobe-com-enterprise:topic/digital-foundation"
            >
              <input
                checked={undefined}
                data-testid="list-item-checkbox"
                id="adobe-com-enterprise:topic/digital-foundation"
                onChange={[Function]}
                type="checkbox"
                value="adobe-com-enterprise:topic/digital-foundation"
              />
              <span
                className="consonant-left-filter--items-item-checkmark"
              />
              <span
                className="consonant-left-filter--items-item-name"
              >
                Digital Foundation
              </span>
            </label>
          </li>
          <li
            className="consonant-left-filter--items-item"
            data-testid="filter-item"
          >
            <label
              className="consonant-left-filter--items-item-label"
              htmlFor="adobe-com-enterprise:topic/digital-trends"
            >
              <input
                checked={undefined}
                data-testid="list-item-checkbox"
                id="adobe-com-enterprise:topic/digital-trends"
                onChange={[Function]}
                type="checkbox"
                value="adobe-com-enterprise:topic/digital-trends"
              />
              <span
                className="consonant-left-filter--items-item-checkmark"
              />
              <span
                className="consonant-left-filter--items-item-name"
              >
                Digital Trends
              </span>
            </label>
          </li>
          <li
            className="consonant-left-filter--items-item"
            data-testid="filter-item"
          >
            <label
              className="consonant-left-filter--items-item-label"
              htmlFor="adobe-com-enterprise:topic/document-management"
            >
              <input
                checked={undefined}
                data-testid="list-item-checkbox"
                id="adobe-com-enterprise:topic/document-management"
                onChange={[Function]}
                type="checkbox"
                value="adobe-com-enterprise:topic/document-management"
              />
              <span
                className="consonant-left-filter--items-item-checkmark"
              />
              <span
                className="consonant-left-filter--items-item-name"
              >
                Document Management
              </span>
            </label>
          </li>
          <li
            className="consonant-left-filter--items-item"
            data-testid="filter-item"
          >
            <label
              className="consonant-left-filter--items-item-label"
              htmlFor="adobe-com-enterprise:topic/marketing-automation"
            >
              <input
                checked={undefined}
                data-testid="list-item-checkbox"
                id="adobe-com-enterprise:topic/marketing-automation"
                onChange={[Function]}
                type="checkbox"
                value="adobe-com-enterprise:topic/marketing-automation"
              />
              <span
                className="consonant-left-filter--items-item-checkmark"
              />
              <span
                className="consonant-left-filter--items-item-name"
              >
                Marketing Automation
              </span>
            </label>
          </li>
          <li
            className="consonant-left-filter--items-item"
            data-testid="filter-item"
          >
            <label
              className="consonant-left-filter--items-item-label"
              htmlFor="adobe-com-enterprise:topic/personalization"
            >
              <input
                checked={undefined}
                data-testid="list-item-checkbox"
                id="adobe-com-enterprise:topic/personalization"
                onChange={[Function]}
                type="checkbox"
                value="adobe-com-enterprise:topic/personalization"
              />
              <span
                className="consonant-left-filter--items-item-checkmark"
              />
              <span
                className="consonant-left-filter--items-item-name"
              >
                Personalization
              </span>
            </label>
          </li>
          <li
            className="consonant-left-filter--items-item"
            data-testid="filter-item"
          >
            <label
              className="consonant-left-filter--items-item-label"
              htmlFor="adobe-com-enterprise:topic/Stock"
            >
              <input
                checked={undefined}
                data-testid="list-item-checkbox"
                id="adobe-com-enterprise:topic/Stock"
                onChange={[Function]}
                type="checkbox"
                value="adobe-com-enterprise:topic/Stock"
              />
              <span
                className="consonant-left-filter--items-item-checkmark"
              />
              <span
                className="consonant-left-filter--items-item-name"
              >
                Stock
              </span>
            </label>
          </li>
        </ul>
        <div
          className="consonant-left-filter--footer"
        >
          <span
            className="consonant-left-filter--footer-res-qty"
          >
            0
             results
          </span>
          <button
            className="consonant-left-filter--footer-btn"
            onClick={[Function]}
            type="button"
          >
            Done
          </button>
        </div>
      </div>
    </div>
    <div
      className="consonant-left-filter"
    >
      <div
        className="consonant-left-filter--inner"
      >
        <h3
          className="consonant-left-filter--name"
        >
          <img
            alt=""
            loading="lazy"
            src="https://upload.wikimedia.org/wikipedia/commons/e/e0/Check_green_icon.svg"
            width="16"
          />
          <a
            className="consonant-left-filter--link"
            data-testid="filter-item__item-link"
            href={true}
            onClick={[Function]}
          >
            Availability
            <div
              className="consonant-left-filter--selected-items-qty"
              data-qty=""
            >
              
              
            </div>
          </a>
        </h3>
        <ul
          className="consonant-left-filter--items"
          data-testid="filter-group"
        >
          <li
            className="consonant-left-filter--items-item"
            data-testid="filter-item"
          >
            <label
              className="consonant-left-filter--items-item-label"
              htmlFor="adobe-com-enterprise:availability/on-demand"
            >
              <input
                checked={undefined}
                data-testid="list-item-checkbox"
                id="adobe-com-enterprise:availability/on-demand"
                onChange={[Function]}
                type="checkbox"
                value="adobe-com-enterprise:availability/on-demand"
              />
              <span
                className="consonant-left-filter--items-item-checkmark"
              />
              <span
                className="consonant-left-filter--items-item-name"
              >
                On-Demand
              </span>
            </label>
          </li>
          <li
            className="consonant-left-filter--items-item"
            data-testid="filter-item"
          >
            <label
              className="consonant-left-filter--items-item-label"
              htmlFor="adobe-com-enterprise:availability/upcoming"
            >
              <input
                checked={undefined}
                data-testid="list-item-checkbox"
                id="adobe-com-enterprise:availability/upcoming"
                onChange={[Function]}
                type="checkbox"
                value="adobe-com-enterprise:availability/upcoming"
              />
              <span
                className="consonant-left-filter--items-item-checkmark"
              />
              <span
                className="consonant-left-filter--items-item-name"
              >
                Upcoming
              </span>
            </label>
          </li>
        </ul>
        <div
          className="consonant-left-filter--footer"
        >
          <span
            className="consonant-left-filter--footer-res-qty"
          >
            0
             results
          </span>
          <button
            className="consonant-left-filter--footer-btn"
            onClick={[Function]}
            type="button"
          >
            Done
          </button>
        </div>
      </div>
    </div>
  </div>
</div>
`;

exports[`Consonant/FilterPanelLeft Check snapshots should renders correctly with mobile filters 1`] = `
<div
  className="consonant-left-filters consonant-left-filters_opened"
  data-testid="consonant-filters__left"
>
  <div
    className="consonant-left-filters--header"
  >
    <h3
      className="consonant-left-filters--desk-title"
    >
      Refine the results
    </h3>
    <button
      className="consonant-left-filters--clear-link"
      onClick={[MockFunction]}
      type="button"
    >
      Clear
    </button>
  </div>
  <div
    className="consonant-left-filters--list"
  >
    <div
      className="consonant-left-filter"
    >
      <div
        className="consonant-left-filter--inner"
      >
        <h3
          className="consonant-left-filter--name"
        >
          <img
            alt=""
            loading="lazy"
            src="https://upload.wikimedia.org/wikipedia/commons/e/e0/Check_green_icon.svg"
            width="16"
          />
          <a
            className="consonant-left-filter--link"
            data-testid="filter-item__item-link"
            href={true}
            onClick={[Function]}
          >
            Topic
            <div
              className="consonant-left-filter--selected-items-qty"
              data-qty=""
            >
              
              
              
              
              
              
              
              
              
              
            </div>
          </a>
        </h3>
        <ul
          className="consonant-left-filter--items"
          data-testid="filter-group"
        >
          <li
            className="consonant-left-filter--items-item"
            data-testid="filter-item"
          >
            <label
              className="consonant-left-filter--items-item-label"
              htmlFor="we-retail:activity/hiking"
            >
              <input
                checked={undefined}
                data-testid="list-item-checkbox"
                id="we-retail:activity/hiking"
                onChange={[Function]}
                type="checkbox"
                value="we-retail:activity/hiking"
              />
              <span
                className="consonant-left-filter--items-item-checkmark"
              />
              <span
                className="consonant-left-filter--items-item-name"
              >
                Business Continuity
              </span>
            </label>
          </li>
          <li
            className="consonant-left-filter--items-item"
            data-testid="filter-item"
          >
            <label
              className="consonant-left-filter--items-item-label"
              htmlFor="we-retail:activity/biking"
            >
              <input
                checked={undefined}
                data-testid="list-item-checkbox"
                id="we-retail:activity/biking"
                onChange={[Function]}
                type="checkbox"
                value="we-retail:activity/biking"
              />
              <span
                className="consonant-left-filter--items-item-checkmark"
              />
              <span
                className="consonant-left-filter--items-item-name"
              >
                Creativity and Design
              </span>
            </label>
          </li>
          <li
            className="consonant-left-filter--items-item"
            data-testid="filter-item"
          >
            <label
              className="consonant-left-filter--items-item-label"
              htmlFor="adobe-com-enterprise:topic/customer-intelligence"
            >
              <input
                checked={undefined}
                data-testid="list-item-checkbox"
                id="adobe-com-enterprise:topic/customer-intelligence"
                onChange={[Function]}
                type="checkbox"
                value="adobe-com-enterprise:topic/customer-intelligence"
              />
              <span
                className="consonant-left-filter--items-item-checkmark"
              />
              <span
                className="consonant-left-filter--items-item-name"
              >
                Customer Intelligence
              </span>
            </label>
          </li>
          <li
            className="consonant-left-filter--items-item"
            data-testid="filter-item"
          >
            <label
              className="consonant-left-filter--items-item-label"
              htmlFor="adobe-com-enterprise:topic/data-management-platform"
            >
              <input
                checked={undefined}
                data-testid="list-item-checkbox"
                id="adobe-com-enterprise:topic/data-management-platform"
                onChange={[Function]}
                type="checkbox"
                value="adobe-com-enterprise:topic/data-management-platform"
              />
              <span
                className="consonant-left-filter--items-item-checkmark"
              />
              <span
                className="consonant-left-filter--items-item-name"
              >
                Data Management Platform
              </span>
            </label>
          </li>
          <li
            className="consonant-left-filter--items-item"
            data-testid="filter-item"
          >
            <label
              className="consonant-left-filter--items-item-label"
              htmlFor="adobe-com-enterprise:topic/digital-foundation"
            >
              <input
                checked={undefined}
                data-testid="list-item-checkbox"
                id="adobe-com-enterprise:topic/digital-foundation"
                onChange={[Function]}
                type="checkbox"
                value="adobe-com-enterprise:topic/digital-foundation"
              />
              <span
                className="consonant-left-filter--items-item-checkmark"
              />
              <span
                className="consonant-left-filter--items-item-name"
              >
                Digital Foundation
              </span>
            </label>
          </li>
          <li
            className="consonant-left-filter--items-item"
            data-testid="filter-item"
          >
            <label
              className="consonant-left-filter--items-item-label"
              htmlFor="adobe-com-enterprise:topic/digital-trends"
            >
              <input
                checked={undefined}
                data-testid="list-item-checkbox"
                id="adobe-com-enterprise:topic/digital-trends"
                onChange={[Function]}
                type="checkbox"
                value="adobe-com-enterprise:topic/digital-trends"
              />
              <span
                className="consonant-left-filter--items-item-checkmark"
              />
              <span
                className="consonant-left-filter--items-item-name"
              >
                Digital Trends
              </span>
            </label>
          </li>
          <li
            className="consonant-left-filter--items-item"
            data-testid="filter-item"
          >
            <label
              className="consonant-left-filter--items-item-label"
              htmlFor="adobe-com-enterprise:topic/document-management"
            >
              <input
                checked={undefined}
                data-testid="list-item-checkbox"
                id="adobe-com-enterprise:topic/document-management"
                onChange={[Function]}
                type="checkbox"
                value="adobe-com-enterprise:topic/document-management"
              />
              <span
                className="consonant-left-filter--items-item-checkmark"
              />
              <span
                className="consonant-left-filter--items-item-name"
              >
                Document Management
              </span>
            </label>
          </li>
          <li
            className="consonant-left-filter--items-item"
            data-testid="filter-item"
          >
            <label
              className="consonant-left-filter--items-item-label"
              htmlFor="adobe-com-enterprise:topic/marketing-automation"
            >
              <input
                checked={undefined}
                data-testid="list-item-checkbox"
                id="adobe-com-enterprise:topic/marketing-automation"
                onChange={[Function]}
                type="checkbox"
                value="adobe-com-enterprise:topic/marketing-automation"
              />
              <span
                className="consonant-left-filter--items-item-checkmark"
              />
              <span
                className="consonant-left-filter--items-item-name"
              >
                Marketing Automation
              </span>
            </label>
          </li>
          <li
            className="consonant-left-filter--items-item"
            data-testid="filter-item"
          >
            <label
              className="consonant-left-filter--items-item-label"
              htmlFor="adobe-com-enterprise:topic/personalization"
            >
              <input
                checked={undefined}
                data-testid="list-item-checkbox"
                id="adobe-com-enterprise:topic/personalization"
                onChange={[Function]}
                type="checkbox"
                value="adobe-com-enterprise:topic/personalization"
              />
              <span
                className="consonant-left-filter--items-item-checkmark"
              />
              <span
                className="consonant-left-filter--items-item-name"
              >
                Personalization
              </span>
            </label>
          </li>
          <li
            className="consonant-left-filter--items-item"
            data-testid="filter-item"
          >
            <label
              className="consonant-left-filter--items-item-label"
              htmlFor="adobe-com-enterprise:topic/Stock"
            >
              <input
                checked={undefined}
                data-testid="list-item-checkbox"
                id="adobe-com-enterprise:topic/Stock"
                onChange={[Function]}
                type="checkbox"
                value="adobe-com-enterprise:topic/Stock"
              />
              <span
                className="consonant-left-filter--items-item-checkmark"
              />
              <span
                className="consonant-left-filter--items-item-name"
              >
                Stock
              </span>
            </label>
          </li>
        </ul>
        <div
          className="consonant-left-filter--footer"
        >
          <span
            className="consonant-left-filter--footer-res-qty"
          >
            0
             results
          </span>
          <button
            className="consonant-left-filter--footer-btn"
            onClick={[Function]}
            type="button"
          >
            Done
          </button>
        </div>
      </div>
    </div>
    <div
      className="consonant-left-filter"
    >
      <div
        className="consonant-left-filter--inner"
      >
        <h3
          className="consonant-left-filter--name"
        >
          <img
            alt=""
            loading="lazy"
            src="https://upload.wikimedia.org/wikipedia/commons/e/e0/Check_green_icon.svg"
            width="16"
          />
          <a
            className="consonant-left-filter--link"
            data-testid="filter-item__item-link"
            href={true}
            onClick={[Function]}
          >
            Availability
            <div
              className="consonant-left-filter--selected-items-qty"
              data-qty=""
            >
              
              
            </div>
          </a>
        </h3>
        <ul
          className="consonant-left-filter--items"
          data-testid="filter-group"
        >
          <li
            className="consonant-left-filter--items-item"
            data-testid="filter-item"
          >
            <label
              className="consonant-left-filter--items-item-label"
              htmlFor="adobe-com-enterprise:availability/on-demand"
            >
              <input
                checked={undefined}
                data-testid="list-item-checkbox"
                id="adobe-com-enterprise:availability/on-demand"
                onChange={[Function]}
                type="checkbox"
                value="adobe-com-enterprise:availability/on-demand"
              />
              <span
                className="consonant-left-filter--items-item-checkmark"
              />
              <span
                className="consonant-left-filter--items-item-name"
              >
                On-Demand
              </span>
            </label>
          </li>
          <li
            className="consonant-left-filter--items-item"
            data-testid="filter-item"
          >
            <label
              className="consonant-left-filter--items-item-label"
              htmlFor="adobe-com-enterprise:availability/upcoming"
            >
              <input
                checked={undefined}
                data-testid="list-item-checkbox"
                id="adobe-com-enterprise:availability/upcoming"
                onChange={[Function]}
                type="checkbox"
                value="adobe-com-enterprise:availability/upcoming"
              />
              <span
                className="consonant-left-filter--items-item-checkmark"
              />
              <span
                className="consonant-left-filter--items-item-name"
              >
                Upcoming
              </span>
            </label>
          </li>
        </ul>
        <div
          className="consonant-left-filter--footer"
        >
          <span
            className="consonant-left-filter--footer-res-qty"
          >
            0
             results
          </span>
          <button
            className="consonant-left-filter--footer-btn"
            onClick={[Function]}
            type="button"
          >
            Done
          </button>
        </div>
      </div>
    </div>
  </div>
</div>
`;

exports[`Consonant/FilterPanelLeft Check snapshots should renders correctly with non-desktop width 1`] = `
<div
  className="consonant-left-filters"
  data-testid="consonant-filters__left"
>
  <div
    className="consonant-left-filters--header"
  >
    <div
      className="consonant-left-filters--mob-title"
    >
      <button
        className="consonant-left-filters--mob-back"
        onClick={[MockFunction]}
        type="button"
      >
        Back
      </button>
      <span>
        Filter by
      </span>
    </div>
  </div>
  <div
    className="consonant-left-filters--list"
  >
    <div
      className="consonant-left-filter"
    >
      <div
        className="consonant-left-filter--inner"
      >
        <h3
          className="consonant-left-filter--name"
        >
          <img
            alt=""
            loading="lazy"
            src="https://upload.wikimedia.org/wikipedia/commons/e/e0/Check_green_icon.svg"
            width="16"
          />
          <a
            className="consonant-left-filter--link"
            data-testid="filter-item__item-link"
            href={true}
            onClick={[Function]}
          >
            Topic
            <div
              className="consonant-left-filter--selected-items-qty"
              data-qty=""
            >
              
              
              
              
              
              
              
              
              
              
            </div>
          </a>
        </h3>
        <ul
          className="consonant-left-filter--items"
          data-testid="filter-group"
        >
          <li
            className="consonant-left-filter--items-item"
            data-testid="filter-item"
          >
            <label
              className="consonant-left-filter--items-item-label"
              htmlFor="we-retail:activity/hiking"
            >
              <input
                checked={undefined}
                data-testid="list-item-checkbox"
                id="we-retail:activity/hiking"
                onChange={[Function]}
                type="checkbox"
                value="we-retail:activity/hiking"
              />
              <span
                className="consonant-left-filter--items-item-checkmark"
              />
              <span
                className="consonant-left-filter--items-item-name"
              >
                Business Continuity
              </span>
            </label>
          </li>
          <li
            className="consonant-left-filter--items-item"
            data-testid="filter-item"
          >
            <label
              className="consonant-left-filter--items-item-label"
              htmlFor="we-retail:activity/biking"
            >
              <input
                checked={undefined}
                data-testid="list-item-checkbox"
                id="we-retail:activity/biking"
                onChange={[Function]}
                type="checkbox"
                value="we-retail:activity/biking"
              />
              <span
                className="consonant-left-filter--items-item-checkmark"
              />
              <span
                className="consonant-left-filter--items-item-name"
              >
                Creativity and Design
              </span>
            </label>
          </li>
          <li
            className="consonant-left-filter--items-item"
            data-testid="filter-item"
          >
            <label
              className="consonant-left-filter--items-item-label"
              htmlFor="adobe-com-enterprise:topic/customer-intelligence"
            >
              <input
                checked={undefined}
                data-testid="list-item-checkbox"
                id="adobe-com-enterprise:topic/customer-intelligence"
                onChange={[Function]}
                type="checkbox"
                value="adobe-com-enterprise:topic/customer-intelligence"
              />
              <span
                className="consonant-left-filter--items-item-checkmark"
              />
              <span
                className="consonant-left-filter--items-item-name"
              >
                Customer Intelligence
              </span>
            </label>
          </li>
          <li
            className="consonant-left-filter--items-item"
            data-testid="filter-item"
          >
            <label
              className="consonant-left-filter--items-item-label"
              htmlFor="adobe-com-enterprise:topic/data-management-platform"
            >
              <input
                checked={undefined}
                data-testid="list-item-checkbox"
                id="adobe-com-enterprise:topic/data-management-platform"
                onChange={[Function]}
                type="checkbox"
                value="adobe-com-enterprise:topic/data-management-platform"
              />
              <span
                className="consonant-left-filter--items-item-checkmark"
              />
              <span
                className="consonant-left-filter--items-item-name"
              >
                Data Management Platform
              </span>
            </label>
          </li>
          <li
            className="consonant-left-filter--items-item"
            data-testid="filter-item"
          >
            <label
              className="consonant-left-filter--items-item-label"
              htmlFor="adobe-com-enterprise:topic/digital-foundation"
            >
              <input
                checked={undefined}
                data-testid="list-item-checkbox"
                id="adobe-com-enterprise:topic/digital-foundation"
                onChange={[Function]}
                type="checkbox"
                value="adobe-com-enterprise:topic/digital-foundation"
              />
              <span
                className="consonant-left-filter--items-item-checkmark"
              />
              <span
                className="consonant-left-filter--items-item-name"
              >
                Digital Foundation
              </span>
            </label>
          </li>
          <li
            className="consonant-left-filter--items-item"
            data-testid="filter-item"
          >
            <label
              className="consonant-left-filter--items-item-label"
              htmlFor="adobe-com-enterprise:topic/digital-trends"
            >
              <input
                checked={undefined}
                data-testid="list-item-checkbox"
                id="adobe-com-enterprise:topic/digital-trends"
                onChange={[Function]}
                type="checkbox"
                value="adobe-com-enterprise:topic/digital-trends"
              />
              <span
                className="consonant-left-filter--items-item-checkmark"
              />
              <span
                className="consonant-left-filter--items-item-name"
              >
                Digital Trends
              </span>
            </label>
          </li>
          <li
            className="consonant-left-filter--items-item"
            data-testid="filter-item"
          >
            <label
              className="consonant-left-filter--items-item-label"
              htmlFor="adobe-com-enterprise:topic/document-management"
            >
              <input
                checked={undefined}
                data-testid="list-item-checkbox"
                id="adobe-com-enterprise:topic/document-management"
                onChange={[Function]}
                type="checkbox"
                value="adobe-com-enterprise:topic/document-management"
              />
              <span
                className="consonant-left-filter--items-item-checkmark"
              />
              <span
                className="consonant-left-filter--items-item-name"
              >
                Document Management
              </span>
            </label>
          </li>
          <li
            className="consonant-left-filter--items-item"
            data-testid="filter-item"
          >
            <label
              className="consonant-left-filter--items-item-label"
              htmlFor="adobe-com-enterprise:topic/marketing-automation"
            >
              <input
                checked={undefined}
                data-testid="list-item-checkbox"
                id="adobe-com-enterprise:topic/marketing-automation"
                onChange={[Function]}
                type="checkbox"
                value="adobe-com-enterprise:topic/marketing-automation"
              />
              <span
                className="consonant-left-filter--items-item-checkmark"
              />
              <span
                className="consonant-left-filter--items-item-name"
              >
                Marketing Automation
              </span>
            </label>
          </li>
          <li
            className="consonant-left-filter--items-item"
            data-testid="filter-item"
          >
            <label
              className="consonant-left-filter--items-item-label"
              htmlFor="adobe-com-enterprise:topic/personalization"
            >
              <input
                checked={undefined}
                data-testid="list-item-checkbox"
                id="adobe-com-enterprise:topic/personalization"
                onChange={[Function]}
                type="checkbox"
                value="adobe-com-enterprise:topic/personalization"
              />
              <span
                className="consonant-left-filter--items-item-checkmark"
              />
              <span
                className="consonant-left-filter--items-item-name"
              >
                Personalization
              </span>
            </label>
          </li>
          <li
            className="consonant-left-filter--items-item"
            data-testid="filter-item"
          >
            <label
              className="consonant-left-filter--items-item-label"
              htmlFor="adobe-com-enterprise:topic/Stock"
            >
              <input
                checked={undefined}
                data-testid="list-item-checkbox"
                id="adobe-com-enterprise:topic/Stock"
                onChange={[Function]}
                type="checkbox"
                value="adobe-com-enterprise:topic/Stock"
              />
              <span
                className="consonant-left-filter--items-item-checkmark"
              />
              <span
                className="consonant-left-filter--items-item-name"
              >
                Stock
              </span>
            </label>
          </li>
        </ul>
        <div
          className="consonant-left-filter--footer"
        >
          <span
            className="consonant-left-filter--footer-res-qty"
          >
            0
             results
          </span>
          <button
            className="consonant-left-filter--footer-btn"
            onClick={[Function]}
            type="button"
          >
            Done
          </button>
        </div>
      </div>
    </div>
    <div
      className="consonant-left-filter"
    >
      <div
        className="consonant-left-filter--inner"
      >
        <h3
          className="consonant-left-filter--name"
        >
          <img
            alt=""
            loading="lazy"
            src="https://upload.wikimedia.org/wikipedia/commons/e/e0/Check_green_icon.svg"
            width="16"
          />
          <a
            className="consonant-left-filter--link"
            data-testid="filter-item__item-link"
            href={true}
            onClick={[Function]}
          >
            Availability
            <div
              className="consonant-left-filter--selected-items-qty"
              data-qty=""
            >
              
              
            </div>
          </a>
        </h3>
        <ul
          className="consonant-left-filter--items"
          data-testid="filter-group"
        >
          <li
            className="consonant-left-filter--items-item"
            data-testid="filter-item"
          >
            <label
              className="consonant-left-filter--items-item-label"
              htmlFor="adobe-com-enterprise:availability/on-demand"
            >
              <input
                checked={undefined}
                data-testid="list-item-checkbox"
                id="adobe-com-enterprise:availability/on-demand"
                onChange={[Function]}
                type="checkbox"
                value="adobe-com-enterprise:availability/on-demand"
              />
              <span
                className="consonant-left-filter--items-item-checkmark"
              />
              <span
                className="consonant-left-filter--items-item-name"
              >
                On-Demand
              </span>
            </label>
          </li>
          <li
            className="consonant-left-filter--items-item"
            data-testid="filter-item"
          >
            <label
              className="consonant-left-filter--items-item-label"
              htmlFor="adobe-com-enterprise:availability/upcoming"
            >
              <input
                checked={undefined}
                data-testid="list-item-checkbox"
                id="adobe-com-enterprise:availability/upcoming"
                onChange={[Function]}
                type="checkbox"
                value="adobe-com-enterprise:availability/upcoming"
              />
              <span
                className="consonant-left-filter--items-item-checkmark"
              />
              <span
                className="consonant-left-filter--items-item-name"
              >
                Upcoming
              </span>
            </label>
          </li>
        </ul>
        <div
          className="consonant-left-filter--footer"
        >
          <span
            className="consonant-left-filter--footer-res-qty"
          >
            0
             results
          </span>
          <button
            className="consonant-left-filter--footer-btn"
            onClick={[Function]}
            type="button"
          >
            Done
          </button>
        </div>
      </div>
    </div>
  </div>
  <div
    className="consonant-left-filters--mobile-footer"
  >
    <button
      className="consonant-left-filters--mobile-footer-btn"
      data-testid="mobile-footer-btn"
      onClick={[MockFunction]}
      type="button"
    >
      Done
    </button>
  </div>
</div>
`;

exports[`Consonant/FilterPanelLeft Check snapshots should renders correctly with search 1`] = `
<div
  className="consonant-left-filters"
  data-testid="consonant-filters__left"
>
  <div
    className="consonant-left-filters--header"
  >
    <h3
      className="consonant-left-filters--desk-title"
    >
      Refine the results
    </h3>
    <button
      className="consonant-left-filters--clear-link"
      onClick={[MockFunction]}
      type="button"
    >
      Clear
    </button>
  </div>
  <div
    className="consonant-search"
    data-testid="filtersSideSearch"
  >
    <label
      htmlFor="consonant-search"
    >
      <span
        className="consonant-search--input-title"
      >
        Search
      </span>
      <span
        className="consonant-search--input-wrapper"
      >
        <input
          className="consonant-search--input"
          data-testid="search-input"
          id="consonant-search"
          onChange={[Function]}
          placeholder="search text"
          required={true}
          type="search"
          value=""
        />
        <button
          className="consonant-search--input-clear"
          onClick={[Function]}
          title="Click to clear search query"
          type="button"
        >
          clear
        </button>
      </span>
    </label>
  </div>
  <div
    className="consonant-left-filters--list"
  >
    <div
      className="consonant-left-filter"
    >
      <div
        className="consonant-left-filter--inner"
      >
        <h3
          className="consonant-left-filter--name"
        >
          <img
            alt=""
            loading="lazy"
            src="https://upload.wikimedia.org/wikipedia/commons/e/e0/Check_green_icon.svg"
            width="16"
          />
          <a
            className="consonant-left-filter--link"
            data-testid="filter-item__item-link"
            href={true}
            onClick={[Function]}
          >
            Topic
            <div
              className="consonant-left-filter--selected-items-qty"
              data-qty=""
            >
              
              
              
              
              
              
              
              
              
              
            </div>
          </a>
        </h3>
        <ul
          className="consonant-left-filter--items"
          data-testid="filter-group"
        >
          <li
            className="consonant-left-filter--items-item"
            data-testid="filter-item"
          >
            <label
              className="consonant-left-filter--items-item-label"
              htmlFor="we-retail:activity/hiking"
            >
              <input
                checked={undefined}
                data-testid="list-item-checkbox"
                id="we-retail:activity/hiking"
                onChange={[Function]}
                type="checkbox"
                value="we-retail:activity/hiking"
              />
              <span
                className="consonant-left-filter--items-item-checkmark"
              />
              <span
                className="consonant-left-filter--items-item-name"
              >
                Business Continuity
              </span>
            </label>
          </li>
          <li
            className="consonant-left-filter--items-item"
            data-testid="filter-item"
          >
            <label
              className="consonant-left-filter--items-item-label"
              htmlFor="we-retail:activity/biking"
            >
              <input
                checked={undefined}
                data-testid="list-item-checkbox"
                id="we-retail:activity/biking"
                onChange={[Function]}
                type="checkbox"
                value="we-retail:activity/biking"
              />
              <span
                className="consonant-left-filter--items-item-checkmark"
              />
              <span
                className="consonant-left-filter--items-item-name"
              >
                Creativity and Design
              </span>
            </label>
          </li>
          <li
            className="consonant-left-filter--items-item"
            data-testid="filter-item"
          >
            <label
              className="consonant-left-filter--items-item-label"
              htmlFor="adobe-com-enterprise:topic/customer-intelligence"
            >
              <input
                checked={undefined}
                data-testid="list-item-checkbox"
                id="adobe-com-enterprise:topic/customer-intelligence"
                onChange={[Function]}
                type="checkbox"
                value="adobe-com-enterprise:topic/customer-intelligence"
              />
              <span
                className="consonant-left-filter--items-item-checkmark"
              />
              <span
                className="consonant-left-filter--items-item-name"
              >
                Customer Intelligence
              </span>
            </label>
          </li>
          <li
            className="consonant-left-filter--items-item"
            data-testid="filter-item"
          >
            <label
              className="consonant-left-filter--items-item-label"
              htmlFor="adobe-com-enterprise:topic/data-management-platform"
            >
              <input
                checked={undefined}
                data-testid="list-item-checkbox"
                id="adobe-com-enterprise:topic/data-management-platform"
                onChange={[Function]}
                type="checkbox"
                value="adobe-com-enterprise:topic/data-management-platform"
              />
              <span
                className="consonant-left-filter--items-item-checkmark"
              />
              <span
                className="consonant-left-filter--items-item-name"
              >
                Data Management Platform
              </span>
            </label>
          </li>
          <li
            className="consonant-left-filter--items-item"
            data-testid="filter-item"
          >
            <label
              className="consonant-left-filter--items-item-label"
              htmlFor="adobe-com-enterprise:topic/digital-foundation"
            >
              <input
                checked={undefined}
                data-testid="list-item-checkbox"
                id="adobe-com-enterprise:topic/digital-foundation"
                onChange={[Function]}
                type="checkbox"
                value="adobe-com-enterprise:topic/digital-foundation"
              />
              <span
                className="consonant-left-filter--items-item-checkmark"
              />
              <span
                className="consonant-left-filter--items-item-name"
              >
                Digital Foundation
              </span>
            </label>
          </li>
          <li
            className="consonant-left-filter--items-item"
            data-testid="filter-item"
          >
            <label
              className="consonant-left-filter--items-item-label"
              htmlFor="adobe-com-enterprise:topic/digital-trends"
            >
              <input
                checked={undefined}
                data-testid="list-item-checkbox"
                id="adobe-com-enterprise:topic/digital-trends"
                onChange={[Function]}
                type="checkbox"
                value="adobe-com-enterprise:topic/digital-trends"
              />
              <span
                className="consonant-left-filter--items-item-checkmark"
              />
              <span
                className="consonant-left-filter--items-item-name"
              >
                Digital Trends
              </span>
            </label>
          </li>
          <li
            className="consonant-left-filter--items-item"
            data-testid="filter-item"
          >
            <label
              className="consonant-left-filter--items-item-label"
              htmlFor="adobe-com-enterprise:topic/document-management"
            >
              <input
                checked={undefined}
                data-testid="list-item-checkbox"
                id="adobe-com-enterprise:topic/document-management"
                onChange={[Function]}
                type="checkbox"
                value="adobe-com-enterprise:topic/document-management"
              />
              <span
                className="consonant-left-filter--items-item-checkmark"
              />
              <span
                className="consonant-left-filter--items-item-name"
              >
                Document Management
              </span>
            </label>
          </li>
          <li
            className="consonant-left-filter--items-item"
            data-testid="filter-item"
          >
            <label
              className="consonant-left-filter--items-item-label"
              htmlFor="adobe-com-enterprise:topic/marketing-automation"
            >
              <input
                checked={undefined}
                data-testid="list-item-checkbox"
                id="adobe-com-enterprise:topic/marketing-automation"
                onChange={[Function]}
                type="checkbox"
                value="adobe-com-enterprise:topic/marketing-automation"
              />
              <span
                className="consonant-left-filter--items-item-checkmark"
              />
              <span
                className="consonant-left-filter--items-item-name"
              >
                Marketing Automation
              </span>
            </label>
          </li>
          <li
            className="consonant-left-filter--items-item"
            data-testid="filter-item"
          >
            <label
              className="consonant-left-filter--items-item-label"
              htmlFor="adobe-com-enterprise:topic/personalization"
            >
              <input
                checked={undefined}
                data-testid="list-item-checkbox"
                id="adobe-com-enterprise:topic/personalization"
                onChange={[Function]}
                type="checkbox"
                value="adobe-com-enterprise:topic/personalization"
              />
              <span
                className="consonant-left-filter--items-item-checkmark"
              />
              <span
                className="consonant-left-filter--items-item-name"
              >
                Personalization
              </span>
            </label>
          </li>
          <li
            className="consonant-left-filter--items-item"
            data-testid="filter-item"
          >
            <label
              className="consonant-left-filter--items-item-label"
              htmlFor="adobe-com-enterprise:topic/Stock"
            >
              <input
                checked={undefined}
                data-testid="list-item-checkbox"
                id="adobe-com-enterprise:topic/Stock"
                onChange={[Function]}
                type="checkbox"
                value="adobe-com-enterprise:topic/Stock"
              />
              <span
                className="consonant-left-filter--items-item-checkmark"
              />
              <span
                className="consonant-left-filter--items-item-name"
              >
                Stock
              </span>
            </label>
          </li>
        </ul>
        <div
          className="consonant-left-filter--footer"
        >
          <span
            className="consonant-left-filter--footer-res-qty"
          >
            0
             results
          </span>
          <button
            className="consonant-left-filter--footer-btn"
            onClick={[Function]}
            type="button"
          >
            Done
          </button>
        </div>
      </div>
    </div>
    <div
      className="consonant-left-filter"
    >
      <div
        className="consonant-left-filter--inner"
      >
        <h3
          className="consonant-left-filter--name"
        >
          <img
            alt=""
            loading="lazy"
            src="https://upload.wikimedia.org/wikipedia/commons/e/e0/Check_green_icon.svg"
            width="16"
          />
          <a
            className="consonant-left-filter--link"
            data-testid="filter-item__item-link"
            href={true}
            onClick={[Function]}
          >
            Availability
            <div
              className="consonant-left-filter--selected-items-qty"
              data-qty=""
            >
              
              
            </div>
          </a>
        </h3>
        <ul
          className="consonant-left-filter--items"
          data-testid="filter-group"
        >
          <li
            className="consonant-left-filter--items-item"
            data-testid="filter-item"
          >
            <label
              className="consonant-left-filter--items-item-label"
              htmlFor="adobe-com-enterprise:availability/on-demand"
            >
              <input
                checked={undefined}
                data-testid="list-item-checkbox"
                id="adobe-com-enterprise:availability/on-demand"
                onChange={[Function]}
                type="checkbox"
                value="adobe-com-enterprise:availability/on-demand"
              />
              <span
                className="consonant-left-filter--items-item-checkmark"
              />
              <span
                className="consonant-left-filter--items-item-name"
              >
                On-Demand
              </span>
            </label>
          </li>
          <li
            className="consonant-left-filter--items-item"
            data-testid="filter-item"
          >
            <label
              className="consonant-left-filter--items-item-label"
              htmlFor="adobe-com-enterprise:availability/upcoming"
            >
              <input
                checked={undefined}
                data-testid="list-item-checkbox"
                id="adobe-com-enterprise:availability/upcoming"
                onChange={[Function]}
                type="checkbox"
                value="adobe-com-enterprise:availability/upcoming"
              />
              <span
                className="consonant-left-filter--items-item-checkmark"
              />
              <span
                className="consonant-left-filter--items-item-name"
              >
                Upcoming
              </span>
            </label>
          </li>
        </ul>
        <div
          className="consonant-left-filter--footer"
        >
          <span
            className="consonant-left-filter--footer-res-qty"
          >
            0
             results
          </span>
          <button
            className="consonant-left-filter--footer-btn"
            onClick={[Function]}
            type="button"
          >
            Done
          </button>
        </div>
      </div>
    </div>
  </div>
</div>
`;

exports[`Consonant/FilterPanelLeft Check snapshots should renders correctly with two children 1`] = `
<div
  className="consonant-left-filters"
  data-testid="consonant-filters__left"
>
  <div
    className="consonant-left-filters--header"
  >
    <h3
      className="consonant-left-filters--desk-title"
    >
      Refine the results
    </h3>
    <button
      className="consonant-left-filters--clear-link"
      onClick={[MockFunction]}
      type="button"
    >
      Clear
    </button>
  </div>
  <div
    className="consonant-search"
    data-testid="filtersSideSearch"
  >
    <label
      htmlFor="consonant-search"
    >
      <span
        className="consonant-search--input-title"
      >
        Search
      </span>
      <span
        className="consonant-search--input-wrapper"
      >
        <input
          className="consonant-search--input"
          data-testid="search-input"
          id="consonant-search"
          onChange={[Function]}
          placeholder="search text"
          required={true}
          type="search"
          value=""
        />
        <button
          className="consonant-search--input-clear"
          onClick={[Function]}
          title="Click to clear search query"
          type="button"
        >
          clear
        </button>
      </span>
    </label>
  </div>
  <div
    className="consonant-left-filters--list"
  >
    <div
      className="consonant-left-filter"
    >
      <div
        className="consonant-left-filter--inner"
      >
        <h3
          className="consonant-left-filter--name"
        >
          <img
            alt=""
            loading="lazy"
            src="https://upload.wikimedia.org/wikipedia/commons/e/e0/Check_green_icon.svg"
            width="16"
          />
          <a
            className="consonant-left-filter--link"
            data-testid="filter-item__item-link"
            href={true}
            onClick={[Function]}
          >
            Topic
            <div
              className="consonant-left-filter--selected-items-qty"
              data-qty=""
            >
              
              
              
              
              
              
              
              
              
              
            </div>
          </a>
        </h3>
        <ul
          className="consonant-left-filter--items"
          data-testid="filter-group"
        >
          <li
            className="consonant-left-filter--items-item"
            data-testid="filter-item"
          >
            <label
              className="consonant-left-filter--items-item-label"
              htmlFor="we-retail:activity/hiking"
            >
              <input
                checked={undefined}
                data-testid="list-item-checkbox"
                id="we-retail:activity/hiking"
                onChange={[Function]}
                type="checkbox"
                value="we-retail:activity/hiking"
              />
              <span
                className="consonant-left-filter--items-item-checkmark"
              />
              <span
                className="consonant-left-filter--items-item-name"
              >
                Business Continuity
              </span>
            </label>
          </li>
          <li
            className="consonant-left-filter--items-item"
            data-testid="filter-item"
          >
            <label
              className="consonant-left-filter--items-item-label"
              htmlFor="we-retail:activity/biking"
            >
              <input
                checked={undefined}
                data-testid="list-item-checkbox"
                id="we-retail:activity/biking"
                onChange={[Function]}
                type="checkbox"
                value="we-retail:activity/biking"
              />
              <span
                className="consonant-left-filter--items-item-checkmark"
              />
              <span
                className="consonant-left-filter--items-item-name"
              >
                Creativity and Design
              </span>
            </label>
          </li>
          <li
            className="consonant-left-filter--items-item"
            data-testid="filter-item"
          >
            <label
              className="consonant-left-filter--items-item-label"
              htmlFor="adobe-com-enterprise:topic/customer-intelligence"
            >
              <input
                checked={undefined}
                data-testid="list-item-checkbox"
                id="adobe-com-enterprise:topic/customer-intelligence"
                onChange={[Function]}
                type="checkbox"
                value="adobe-com-enterprise:topic/customer-intelligence"
              />
              <span
                className="consonant-left-filter--items-item-checkmark"
              />
              <span
                className="consonant-left-filter--items-item-name"
              >
                Customer Intelligence
              </span>
            </label>
          </li>
          <li
            className="consonant-left-filter--items-item"
            data-testid="filter-item"
          >
            <label
              className="consonant-left-filter--items-item-label"
              htmlFor="adobe-com-enterprise:topic/data-management-platform"
            >
              <input
                checked={undefined}
                data-testid="list-item-checkbox"
                id="adobe-com-enterprise:topic/data-management-platform"
                onChange={[Function]}
                type="checkbox"
                value="adobe-com-enterprise:topic/data-management-platform"
              />
              <span
                className="consonant-left-filter--items-item-checkmark"
              />
              <span
                className="consonant-left-filter--items-item-name"
              >
                Data Management Platform
              </span>
            </label>
          </li>
          <li
            className="consonant-left-filter--items-item"
            data-testid="filter-item"
          >
            <label
              className="consonant-left-filter--items-item-label"
              htmlFor="adobe-com-enterprise:topic/digital-foundation"
            >
              <input
                checked={undefined}
                data-testid="list-item-checkbox"
                id="adobe-com-enterprise:topic/digital-foundation"
                onChange={[Function]}
                type="checkbox"
                value="adobe-com-enterprise:topic/digital-foundation"
              />
              <span
                className="consonant-left-filter--items-item-checkmark"
              />
              <span
                className="consonant-left-filter--items-item-name"
              >
                Digital Foundation
              </span>
            </label>
          </li>
          <li
            className="consonant-left-filter--items-item"
            data-testid="filter-item"
          >
            <label
              className="consonant-left-filter--items-item-label"
              htmlFor="adobe-com-enterprise:topic/digital-trends"
            >
              <input
                checked={undefined}
                data-testid="list-item-checkbox"
                id="adobe-com-enterprise:topic/digital-trends"
                onChange={[Function]}
                type="checkbox"
                value="adobe-com-enterprise:topic/digital-trends"
              />
              <span
                className="consonant-left-filter--items-item-checkmark"
              />
              <span
                className="consonant-left-filter--items-item-name"
              >
                Digital Trends
              </span>
            </label>
          </li>
          <li
            className="consonant-left-filter--items-item"
            data-testid="filter-item"
          >
            <label
              className="consonant-left-filter--items-item-label"
              htmlFor="adobe-com-enterprise:topic/document-management"
            >
              <input
                checked={undefined}
                data-testid="list-item-checkbox"
                id="adobe-com-enterprise:topic/document-management"
                onChange={[Function]}
                type="checkbox"
                value="adobe-com-enterprise:topic/document-management"
              />
              <span
                className="consonant-left-filter--items-item-checkmark"
              />
              <span
                className="consonant-left-filter--items-item-name"
              >
                Document Management
              </span>
            </label>
          </li>
          <li
            className="consonant-left-filter--items-item"
            data-testid="filter-item"
          >
            <label
              className="consonant-left-filter--items-item-label"
              htmlFor="adobe-com-enterprise:topic/marketing-automation"
            >
              <input
                checked={undefined}
                data-testid="list-item-checkbox"
                id="adobe-com-enterprise:topic/marketing-automation"
                onChange={[Function]}
                type="checkbox"
                value="adobe-com-enterprise:topic/marketing-automation"
              />
              <span
                className="consonant-left-filter--items-item-checkmark"
              />
              <span
                className="consonant-left-filter--items-item-name"
              >
                Marketing Automation
              </span>
            </label>
          </li>
          <li
            className="consonant-left-filter--items-item"
            data-testid="filter-item"
          >
            <label
              className="consonant-left-filter--items-item-label"
              htmlFor="adobe-com-enterprise:topic/personalization"
            >
              <input
                checked={undefined}
                data-testid="list-item-checkbox"
                id="adobe-com-enterprise:topic/personalization"
                onChange={[Function]}
                type="checkbox"
                value="adobe-com-enterprise:topic/personalization"
              />
              <span
                className="consonant-left-filter--items-item-checkmark"
              />
              <span
                className="consonant-left-filter--items-item-name"
              >
                Personalization
              </span>
            </label>
          </li>
          <li
            className="consonant-left-filter--items-item"
            data-testid="filter-item"
          >
            <label
              className="consonant-left-filter--items-item-label"
              htmlFor="adobe-com-enterprise:topic/Stock"
            >
              <input
                checked={undefined}
                data-testid="list-item-checkbox"
                id="adobe-com-enterprise:topic/Stock"
                onChange={[Function]}
                type="checkbox"
                value="adobe-com-enterprise:topic/Stock"
              />
              <span
                className="consonant-left-filter--items-item-checkmark"
              />
              <span
                className="consonant-left-filter--items-item-name"
              >
                Stock
              </span>
            </label>
          </li>
        </ul>
        <div
          className="consonant-left-filter--footer"
        >
          <span
            className="consonant-left-filter--footer-res-qty"
          >
            0
             results
          </span>
          <button
            className="consonant-left-filter--footer-btn"
            onClick={[Function]}
            type="button"
          >
            Done
          </button>
        </div>
      </div>
    </div>
    <div
      className="consonant-left-filter"
    >
      <div
        className="consonant-left-filter--inner"
      >
        <h3
          className="consonant-left-filter--name"
        >
          <img
            alt=""
            loading="lazy"
            src="https://upload.wikimedia.org/wikipedia/commons/e/e0/Check_green_icon.svg"
            width="16"
          />
          <a
            className="consonant-left-filter--link"
            data-testid="filter-item__item-link"
            href={true}
            onClick={[Function]}
          >
            Availability
            <div
              className="consonant-left-filter--selected-items-qty"
              data-qty=""
            >
              
              
            </div>
          </a>
        </h3>
        <ul
          className="consonant-left-filter--items"
          data-testid="filter-group"
        >
          <li
            className="consonant-left-filter--items-item"
            data-testid="filter-item"
          >
            <label
              className="consonant-left-filter--items-item-label"
              htmlFor="adobe-com-enterprise:availability/on-demand"
            >
              <input
                checked={undefined}
                data-testid="list-item-checkbox"
                id="adobe-com-enterprise:availability/on-demand"
                onChange={[Function]}
                type="checkbox"
                value="adobe-com-enterprise:availability/on-demand"
              />
              <span
                className="consonant-left-filter--items-item-checkmark"
              />
              <span
                className="consonant-left-filter--items-item-name"
              >
                On-Demand
              </span>
            </label>
          </li>
          <li
            className="consonant-left-filter--items-item"
            data-testid="filter-item"
          >
            <label
              className="consonant-left-filter--items-item-label"
              htmlFor="adobe-com-enterprise:availability/upcoming"
            >
              <input
                checked={undefined}
                data-testid="list-item-checkbox"
                id="adobe-com-enterprise:availability/upcoming"
                onChange={[Function]}
                type="checkbox"
                value="adobe-com-enterprise:availability/upcoming"
              />
              <span
                className="consonant-left-filter--items-item-checkmark"
              />
              <span
                className="consonant-left-filter--items-item-name"
              >
                Upcoming
              </span>
            </label>
          </li>
        </ul>
        <div
          className="consonant-left-filter--footer"
        >
          <span
            className="consonant-left-filter--footer-res-qty"
          >
            0
             results
          </span>
          <button
            className="consonant-left-filter--footer-btn"
            onClick={[Function]}
            type="button"
          >
            Done
          </button>
        </div>
      </div>
    </div>
  </div>
  <button
    className="bookmarks"
    data-testid="bookmarks"
    onClick={[MockFunction]}
    type="button"
  >
    <span
      className="bookmarks--ico-wrapper"
    >
      <span
        className="bookmarks--ico"
        data-testid="bookmarks--ico"
        style={
          Object {
            "backgroundImage": "url(path-to-unselectBookmarksIcon)",
          }
        }
      />
      <span
        className="bookmarks--title"
      >
        My favorites
      </span>
    </span>
    <span
      className="bookmarks--item-badge"
      data-testid="bookmarks--item-badge"
    >
      0
    </span>
  </button>
</div>
`;
