// Jest Snapshot v1, https://goo.gl/fbAQLP

exports[`Top Filter Panel Check snapshots Shoulld renders correctly on desktop 1`] = `
<div
  className="consonant-top-filters"
  data-testid="consonant-filters__top"
>
  <div
    className="consonant-top-filters--inner"
  >
    <span
      className="consonant-top-filters--res-qty"
      data-testid="filter-top-result-count"
    >
      <strong>
        i18n.totalResultsText 0
      </strong>
    </span>
    <div
      className="consonant-top-filters--search-ico-wrapper"
      data-testid="filter-top-ico-wrapper"
    >
      <button
        className="search-ico"
        onClick={[Function]}
        tabIndex="0"
        type="button"
      >
        <span />
        Click to search
      </button>
    </div>
    <div
      className="consonant-top-filters--select-wrapper"
      data-testid="top-filters__sort-popup"
    />
  </div>
</div>
`;

exports[`Top Filter Panel Check snapshots should renders correctly with limited filters 1`] = `
<div
  className="consonant-top-filters"
  data-testid="consonant-filters__top"
>
  <div
    className="consonant-top-filters--inner"
  >
    <span
      className="consonant-top-filters--res-qty"
      data-testid="filter-top-result-count"
    >
      <strong>
        i18n.totalResultsText 0
      </strong>
    </span>
    <div
      className="consonant-top-filters--search-ico-wrapper"
      data-testid="filter-top-ico-wrapper"
    >
      <button
        className="search-ico"
        onClick={[Function]}
        tabIndex="0"
        type="button"
      >
        <span />
        Click to search
      </button>
    </div>
    <div
      className="consonant-top-filters--select-wrapper"
      data-testid="top-filters__sort-popup"
    />
  </div>
</div>
`;

exports[`Top Filter Panel Check snapshots should renders correctly with more button 1`] = `
<div
  className="consonant-top-filters"
  data-testid="consonant-filters__top"
>
  <div
    className="consonant-top-filters--inner"
  >
    <span
      className="consonant-top-filters--res-qty"
      data-testid="filter-top-result-count"
    >
      <strong>
        i18n.totalResultsText 0
      </strong>
    </span>
    <div
      className="consonant-top-filters--search-ico-wrapper"
      data-testid="filter-top-ico-wrapper"
    >
      <button
        className="search-ico"
        onClick={[Function]}
        tabIndex="0"
        type="button"
      >
        <span />
        Click to search
      </button>
    </div>
    <div
      className="consonant-top-filters--select-wrapper"
      data-testid="top-filters__sort-popup"
    />
  </div>
</div>
`;

exports[`Top Filter Panel Check snapshots should renders correctly with non-table width 1`] = `
<div
  className="consonant-top-filters"
  data-testid="consonant-filters__top"
>
  <div
    className="consonant-top-filters--inner"
  >
    <span
      className="consonant-top-filters--res-qty"
      data-testid="filter-top-result-count"
    >
      <strong>
        i18n.totalResultsText 0
      </strong>
    </span>
    <div
      className="consonant-top-filters--search-ico-wrapper"
      data-testid="filter-top-ico-wrapper"
    >
      <button
        className="search-ico"
        onClick={[Function]}
        tabIndex="0"
        type="button"
      >
        <span />
        Click to search
      </button>
    </div>
    <div
      className="consonant-top-filters--select-wrapper"
      data-testid="top-filters__sort-popup"
    />
  </div>
</div>
`;
