// Jest Snapshot v1, https://goo.gl/fbAQLP

exports[`Consonant/Card Check snapshots should renders with bookmarking 1`] = `
<div
  className="consonant-full-card"
  data-testid="consonant-card"
  id="3"
>
  <div
    className="consonant-full-card--img"
    data-testid="consonant-card--img"
    style={
      Object {
        "backgroundImage": "url(\\"\\")",
      }
    }
  >
    <span
      className="consonant-full-card--banner"
      data-testid="consonant-card--banner"
      style={
        Object {
          "backgroundColor": "#CB6F10",
          "color": "#FFFFFF",
        }
      }
    >
      <div
        className="consonant-full-card--banner-icon-wrapper"
      >
        <img
          alt=""
          data-testid="consonant-card--banner-icon"
          loading="lazy"
          src="some-banner-icon"
        />
      </div>
      <span>
        Some Banner Description
      </span>
    </span>
    <span
      className="consonant-full-card--badge"
    >
      Some Badge Text
    </span>
    <a
      className="consonant-full-card--video-ico"
      href="some-video-videoURL"
      rel="noreferrer"
      tabIndex="0"
      target="_blank"
    />
  </div>
  <a
    className="consonant-full-card--inner"
    href="ctaLink"
    rel="noreferrer"
    tabIndex="0"
    target="_blank"
    title=""
  >
    <span
      className="consonant-full-card--label"
    >
      some details
    </span>
    <h2
      className="consonant-full-card--title"
    >
      3 - Infobit
    </h2>
  </a>
</div>
`;
