// Jest Snapshot v1, https://goo.gl/fbAQLP

exports[`Consonant/Bookmarks should correct render 1`] = `
<button
  className="consonant-bookmark-infobit consonant-bookmark-infobit_disabled"
  data-testid="bookmark-button"
  data-tooltip-wrapper={true}
  onClick={[Function]}
  tabIndex="0"
  type="button"
>
  <span
    className="consonant-bookmark-infobit--ico"
    data-testid="bookmarks--ico"
    style={
      Object {
        "backgroundImage": "",
      }
    }
  />
  <span
    className="consonant-tooltip"
  >
    Save Card
  </span>
</button>
`;
