// Jest Snapshot v1, https://goo.gl/fbAQLP

exports[`Consonant/Bookmarks should correct render 1`] = `
<a
  className="consonant-link-with-ico-infobit"
  href="/some/valid/uri"
  rel="noreferrer"
  tabIndex="0"
  target="_self"
  title=""
>
  <img
    alt=""
    height="18"
    loading="lazy"
    src="/some/valid/uri"
  />
  <span>
    text
  </span>
</a>
`;

exports[`Consonant/Bookmarks should correct render with icon 1`] = `
<a
  className="consonant-link-with-ico-infobit"
  href="/some/valid/uri"
  rel="noreferrer"
  tabIndex="0"
  target="_self"
  title=""
>
  <img
    alt=""
    height="18"
    loading="lazy"
    src="/some/valid/uri"
  />
  <span>
    text
  </span>
</a>
`;
